// Jest Snapshot v1, https://goo.gl/fbAQLP

exports[`<FixedBottom /> tests it should render the children with expected props 1`] = `
<div
  className="childElement"
  style={
    Object {
      "bottom": 20,
      "position": "fixed",
      "top": 20,
    }
  }
>
  Dummy content
</div>
`;
